[25Sep2026 03:51:23.092] [main/INFO] [net.neoforged.fml.startup.Entrypoint/]: JVM Uptime at startup: 187ms
[25Sep2026 03:51:23.108] [main/INFO] [net.neoforged.fml.loading.FMLLoader/]: Starting FancyModLoader version 11.0.16 (DEDICATED_SERVER in PROD)
[25Sep2026 03:51:23.108] [main/INFO] [net.neoforged.fml.loading.FMLLoader/]: Game directory: /workspaces/SERVER-DISLEXICO-04/servidor_minecraft
[25Sep2026 03:51:23.294] [main/INFO] [net.neoforged.fml.loading.EarlyServiceDiscovery/]: Found 2 early service jars (out of 87) in 119ms
[25Sep2026 03:51:23.295] [main/INFO] [net.neoforged.fml.loading.FMLLoader/]: Loading FML Early Services:
[25Sep2026 03:51:23.296] [main/INFO] [net.neoforged.fml.loading.FMLLoader/]:  - libraries/net/neoforged/fancymodloader/earlydisplay/11.0.16/earlydisplay-11.0.16.jar
[25Sep2026 03:51:23.297] [main/INFO] [net.neoforged.fml.loading.FMLLoader/]:  - libraries/net/neoforged/fancymodloader/loader/11.0.16/loader-11.0.16.jar
[25Sep2026 03:51:23.306] [main/INFO] [net.neoforged.fml.loading.ImmediateWindowHandler/]: Not loading early display in headless mode.
[25Sep2026 03:51:23.335] [main/INFO] [net.neoforged.fml.loading.moddiscovery.locators.GameLocator/]: Failed to find common Minecraft classes and resources on the classpath. Assuming we're launching production.
[25Sep2026 03:51:23.546] [main/ERROR] [net.neoforged.fml.loading.moddiscovery.ModFile/LOADING]: Access transformer file META-INF/neoforge.accesstransformer.cfg provided by mod fallingtree does not exist!
[25Sep2026 03:51:23.913] [main/INFO] [net.neoforged.fml.loading.moddiscovery.locators.JarInJarDependencyLocator/]: Found 14 dependencies adding them to mods collection
[25Sep2026 03:51:23.917] [main/INFO] [net.neoforged.fml.loading.moddiscovery.ModDiscoverer/]: 
     Mod List:
		Name Version (Mod Id)

		Balm 26.2.0.8 (balm)
		Biomes O' Plenty 26.2.0.0.24 (biomesoplenty)
		Collective 8.39 (collective)
		Common Networking 26.2-1.1.0 (commonnetworking)
		Corail Tombstone 9.9.3 (tombstone)
		CreativeCore 2.14.16 (creativecore)
		Dungeon Crawl 2.3.17 (dungeoncrawl)
		Explorify 1.6.5 (explorify)
		FallingTree 25 (fallingtree)
		GlitchCore 26.2.0.0.0 (glitchcore)
		Inventory Profiles Next 2.3.7 (inventoryprofilesnext)
		Journeymap 26.2-6.0.8 (journeymap)
		JourneyMap API 26.2-2.0.0 (journeymap_api)
		Just Enough Items 30.32.0.221 (jei)
		Just Hammers 26.2.0.1 (justhammers)
		KumaAPI 26.2.0.1 (kuma_api)
		libIPN 6.8.3 (libipn)
		Minecraft 26.2 (minecraft)
		NeoForge 26.2.0.75 (neoforge)
		PlayerRevive 2.1.2 (playerrevive)
		Replanting Crops 5.6 (replantingcrops)
		Repurposed Structures 7.7.6+26.2-neoforge (repurposed_structures)
		Rotten Flesh Smelt To Leather 1.7.8 (rottenfleshtoleather)
		TerraBlender 26.2.0.0.2 (terrablender)
		TrashSlot 26.2.0.2 (trashslot)
		Traveler's Backpack 11.3.3 (travelersbackpack)
[25Sep2026 03:51:24.274] [main/INFO] [mixin/]: SpongePowered MIXIN Subsystem Version=0.8.7 Source=file:/workspaces/SERVER-DISLEXICO-04/servidor_minecraft/libraries/net/fabricmc/sponge-mixin/0.17.3+mixin.0.8.7/sponge-mixin-0.17.3+mixin.0.8.7.jar Service=FML Env=SERVER
[25Sep2026 03:51:24.333] [main/INFO] [net.neoforged.fml.loading.FMLLoader/]: Loading FML Plugins:
[25Sep2026 03:51:24.333] [main/INFO] [net.neoforged.fml.loading.FMLLoader/]:  - mods/libIPN-neoforge-26.2-6.8.3.jar > kotlinx-serialization-core-jvm-1.11.0.jar
[25Sep2026 03:51:24.334] [main/INFO] [net.neoforged.fml.loading.FMLLoader/]:  - mods/libIPN-neoforge-26.2-6.8.3.jar > kotlinx-coroutines-jdk8-1.11.0.jar
[25Sep2026 03:51:24.334] [main/INFO] [net.neoforged.fml.loading.FMLLoader/]:  - mods/libIPN-neoforge-26.2-6.8.3.jar > kotlinx-serialization-json-jvm-1.11.0.jar
[25Sep2026 03:51:24.334] [main/INFO] [net.neoforged.fml.loading.FMLLoader/]:  - mods/journeymap-neoforge-26.2-6.0.8.jar > pngj-2.1.0.jar
[25Sep2026 03:51:24.335] [main/INFO] [net.neoforged.fml.loading.FMLLoader/]:  - mods/libIPN-neoforge-26.2-6.8.3.jar > kotlin-stdlib-2.4.0.jar
[25Sep2026 03:51:24.335] [main/INFO] [net.neoforged.fml.loading.FMLLoader/]:  - mods/libIPN-neoforge-26.2-6.8.3.jar > kotlinx-coroutines-core-jvm-1.11.0.jar
[25Sep2026 03:51:24.336] [main/INFO] [net.neoforged.fml.loading.FMLLoader/]:  - mods/libIPN-neoforge-26.2-6.8.3.jar > kotlin-reflect-2.4.0.jar
[25Sep2026 03:51:24.336] [main/INFO] [net.neoforged.fml.loading.FMLLoader/]:  - ~libraries/net/neoforged/neoforge/26.2.0.75/neoforge-26.2.0.75-universal.jar > net.neoforged.neoforge-coremods-26.2.0.75.jar
[25Sep2026 03:51:24.336] [main/INFO] [net.neoforged.fml.loading.FMLLoader/]:  - mods/libIPN-neoforge-26.2-6.8.3.jar > kotlin-stdlib-jdk8-2.4.0.jar
[25Sep2026 03:51:24.337] [main/INFO] [net.neoforged.fml.loading.FMLLoader/]:  - mods/libIPN-neoforge-26.2-6.8.3.jar > kotlin-stdlib-jdk7-2.4.0.jar
[25Sep2026 03:51:24.345] [main/WARN] [net.neoforged.fml.loading.LanguageProviderLoader/]: Mod jar(mods/Explorify v1.6.5.mod.jar) is using the deprecated 'lowcodefml' language loader. This warning can be fixed by simply removing the modLoader and loaderVersion settings from neoforge.mods.toml.
[25Sep2026 03:51:24.624] [main/INFO] [net.neoforged.fml.loading.FMLLoader/]: Building game content classloader:
 - balm (jar(mods/balm-neoforge-26.2-26.2.0.8.jar))
 - biomesoplenty (jar(mods/BiomesOPlenty-neoforge-26.2-26.2.0.0.24.jar))
 - collective (jar(mods/collective-26.2.0-8.39.jar))
 - commonnetworking (jar(mods/journeymap-neoforge-26.2-6.0.8.jar > common-networking-neoforge-26.2-1.1.0.jar))
 - creativecore (jar(mods/CreativeCore_NEOFORGE_v2.14.16_mc26.2.jar))
 - dungeoncrawl (jar(mods/DungeonCrawl-NeoForge-26.2-2.3.17.jar))
 - explorify (jar(mods/Explorify v1.6.5.mod.jar))
 - fallingtree (jar(mods/FallingTree-26.2-25.jar))
 - glitchcore (jar(mods/GlitchCore-neoforge-26.2-26.2.0.0.0.jar))
 - inventoryprofilesnext (jar(mods/InventoryProfilesNext-neoforge-26.2-2.3.7.jar))
 - jei (jar(mods/jei-26.2-neoforge-30.32.0.221.jar))
 - journeymap (jar(mods/journeymap-neoforge-26.2-6.0.8.jar))
 - journeymap_api (jar(mods/journeymap-neoforge-26.2-6.0.8.jar > journeymap-api-neoforge-26.2-2.0.0.jar))
 - justhammers (jar(mods/just-hammers-neoforge-26.2.0.1.jar))
 - kuma_api (jar(mods/balm-neoforge-26.2-26.2.0.8.jar > kuma-api-neoforge-26.2.0.1.jar))
 - libipn (jar(mods/libIPN-neoforge-26.2-6.8.3.jar))
 - minecraft (jar(~libraries/net/neoforged/minecraft-server-patched/26.2.0.75/minecraft-server-patched-26.2.0.75.jar))
 - mixinextras.neoforge (jar(~libraries/net/neoforged/neoforge/26.2.0.75/neoforge-26.2.0.75-universal.jar > mixinextras-neoforge-0.5.4.jar))
 - neoforge (jar(~libraries/net/neoforged/neoforge/26.2.0.75/neoforge-26.2.0.75-universal.jar))
 - net.neoforged.fml.generated (empty(VirtualJar/net.neoforged.fml.generated))
 - playerrevive (jar(mods/PlayerRevive_NEOFORGE_v2.1.2_mc26.2.jar))
 - replantingcrops (jar(mods/replantingcrops-26.2.0-5.6.jar))
 - repurposed_structures (jar(mods/repurposed_structures-7.7.6+26.2-neoforge.jar))
 - rottenfleshtoleather (jar(mods/rottenfleshtoleather NeoForge 26.2-1.7.8.jar))
 - terrablender (jar(mods/TerraBlender-neoforge-26.2-26.2.0.0.2.jar))
 - tombstone (jar(mods/tombstone-neoforge-26.2-9.9.3.jar))
 - trashslot (jar(mods/trashslot-neoforge-26.2-26.2.0.2.jar))
 - travelersbackpack (jar(mods/travelersbackpack-neoforge-26.2-11.3.3.jar))
[25Sep2026 03:51:24.706] [main/INFO] [net.neoforged.fml.loading.FMLLoader/]: Built game content classloader in 169ms
[25Sep2026 03:51:24.807] [main/INFO] [mixin/]: Compatibility level set to JAVA_25
[25Sep2026 03:51:24.939] [main/WARN] [mixin/]: Reference map 'kuma_api.refmap.json' for kuma_api.mixins.json could not be read. If this is a development environment you can ignore this message
[25Sep2026 03:51:24.943] [main/WARN] [mixin/]: Reference map 'terrablender.refmap.json' for terrablender.neoforge.mixins.json could not be read. If this is a development environment you can ignore this message
[25Sep2026 03:51:24.943] [main/WARN] [mixin/]: Reference map 'creativecore.mixins.refmap.json' for creativecore.mixins.json could not be read. If this is a development environment you can ignore this message
[25Sep2026 03:51:24.944] [main/WARN] [mixin/]: Reference map 'creativecore.mixins.refmap.json' for creativecore.forge.mixins.json could not be read. If this is a development environment you can ignore this message
[25Sep2026 03:51:24.955] [main/WARN] [mixin/]: Reference map 'mixins.tombstone.refmap.json' for tombstone.mixins.json could not be read. If this is a development environment you can ignore this message
[25Sep2026 03:51:24.955] [main/WARN] [mixin/]: Reference map 'glitchcore.refmap.json' for glitchcore.mixins.json could not be read. If this is a development environment you can ignore this message
[25Sep2026 03:51:24.956] [main/WARN] [mixin/]: Reference map 'glitchcore.refmap.json' for glitchcore.neoforge.mixins.json could not be read. If this is a development environment you can ignore this message
[25Sep2026 03:51:24.956] [main/WARN] [mixin/]: Reference map 'biomesoplenty.refmap.json' for biomesoplenty.mixins.json could not be read. If this is a development environment you can ignore this message
[25Sep2026 03:51:24.959] [main/WARN] [mixin/]: Reference map 'biomesoplenty.refmap.json' for biomesoplenty.neoforge.mixins.json could not be read. If this is a development environment you can ignore this message
[25Sep2026 03:51:24.969] [main/WARN] [mixin/]: Reference map 'ipnext.refmap.json' for mixins.ipnext.json could not be read. If this is a development environment you can ignore this message
[25Sep2026 03:51:24.970] [main/WARN] [mixin/]: Reference map 'playerrevive.mixin.refmap.json' for playerrevive.mixins.json could not be read. If this is a development environment you can ignore this message
[25Sep2026 03:51:25.574] [main/WARN] [mixin/]: Error loading class: net/minecraft/client/renderer/entity/SalmonRenderer (java.lang.ClassNotFoundException: net.minecraft.client.renderer.entity.SalmonRenderer)
[25Sep2026 03:51:25.575] [main/WARN] [mixin/]: @Mixin target net.minecraft.client.renderer.entity.SalmonRenderer was not found journeymap.mixins.json:client.SalmonRendererAccessor from mod journeymap
[25Sep2026 03:51:26.269] [main/INFO] [MixinExtras|Service/]: Initializing MixinExtras via com.llamalad7.mixinextras.service.MixinExtrasServiceImpl(version=0.5.4).
[25Sep2026 03:51:33.327] [modloading-worker-0/INFO] [rottenfleshtoleather/]: Loaded rottenfleshtoleather
[25Sep2026 03:51:33.328] [modloading-worker-0/INFO] [Collective/]: Loading Collective version 8.39.
[25Sep2026 03:51:33.381] [modloading-worker-0/INFO] [net.neoforged.neoforge.common.NeoForgeMod/NEOFORGE-MOD]: NeoForge mod loading, version 26.2.0.75, for MC 26.2
[25Sep2026 03:51:33.391] [modloading-worker-0/INFO] [net.blay09.mods.balm.neoforge.platform.config.internal.NeoForgeBalmConfig/]: Registering config for trashslot:common (COMMON) with 5 properties.
[25Sep2026 03:51:33.547] [modloading-worker-0/INFO] [Dungeon Crawl/]: Here we go! Launching Dungeon Crawl 2.3.17...
[25Sep2026 03:51:33.686] [modloading-worker-0/INFO] [Inventory Profiles Next/]: [Inventory Profiles Next] Inventory Profiles Next - init in Kotlin
[25Sep2026 03:51:34.601] [Collective Update Checker/WARN] [Collective/]: [Update] Collective has an update available: 8.39 -> 8.40
[25Sep2026 03:51:35.274] [NeoForge Version Check/INFO] [net.neoforged.fml.VersionChecker/]: [journeymap] Starting version check at https://neoforge.curseupdate.com/32274/journeymap
[25Sep2026 03:51:35.357] [modloading-sync-worker/INFO] [com.tiviacz.travelersbackpack.TravelersBackpack/]: Registered the FluidEffect with Unique ID of minecraft:water for Reference{ResourceKey[minecraft:fluid / minecraft:water]=minecraft:water} (Fluid Amount Required: 1000) with the ID 0
[25Sep2026 03:51:35.358] [modloading-sync-worker/INFO] [com.tiviacz.travelersbackpack.TravelersBackpack/]: Registered the FluidEffect with Unique ID of minecraft:lava for Reference{ResourceKey[minecraft:fluid / minecraft:lava]=minecraft:lava} (Fluid Amount Required: 1000) with the ID 1
[25Sep2026 03:51:35.358] [modloading-sync-worker/INFO] [com.tiviacz.travelersbackpack.TravelersBackpack/]: Registered the FluidEffect with Unique ID of travelersbackpack:potion for Reference{ResourceKey[minecraft:fluid / travelersbackpack:potion_fluid]=travelersbackpack:potion_fluid} (Fluid Amount Required: 250) with the ID 2
[25Sep2026 03:51:35.358] [modloading-sync-worker/INFO] [com.tiviacz.travelersbackpack.TravelersBackpack/]: Registered the FluidEffect with Unique ID of minecraft:milk for Reference{ResourceKey[minecraft:fluid / minecraft:milk]=minecraft:milk} (Fluid Amount Required: 1000) with the ID 3
[25Sep2026 03:51:35.360] [modloading-sync-worker/INFO] [terrablender/]: Registered region minecraft:overworld to index 0 for type OVERWORLD
[25Sep2026 03:51:35.361] [modloading-sync-worker/INFO] [terrablender/]: Registered region minecraft:nether to index 0 for type NETHER
[25Sep2026 03:51:35.361] [modloading-sync-worker/INFO] [terrablender/]: Registered region biomesoplenty:overworld_primary to index 1 for type OVERWORLD
[25Sep2026 03:51:35.361] [modloading-sync-worker/INFO] [terrablender/]: Registered region biomesoplenty:overworld_secondary to index 2 for type OVERWORLD
[25Sep2026 03:51:35.361] [modloading-sync-worker/INFO] [terrablender/]: Registered region biomesoplenty:overworld_rare to index 3 for type OVERWORLD
[25Sep2026 03:51:35.361] [modloading-sync-worker/INFO] [terrablender/]: Registered region biomesoplenty:nether_common to index 1 for type NETHER
[25Sep2026 03:51:35.362] [modloading-sync-worker/INFO] [terrablender/]: Registered region biomesoplenty:nether_rare to index 2 for type NETHER
[25Sep2026 03:51:35.377] [NeoForge Version Check/INFO] [net.neoforged.fml.VersionChecker/]: [journeymap] Found status: BETA Current: 26.2-6.0.8 Target: null
[25Sep2026 03:51:35.377] [NeoForge Version Check/INFO] [net.neoforged.fml.VersionChecker/]: [tombstone] Starting version check at https://raw.githubusercontent.com/Corail31/tombstone_lite/master/neoforge-update.json
[25Sep2026 03:51:35.453] [NeoForge Version Check/INFO] [net.neoforged.fml.VersionChecker/]: [tombstone] Found status: UP_TO_DATE Current: 9.9.3 Target: null
[25Sep2026 03:51:35.521] [main/INFO] [com.mojang.authlib.yggdrasil.YggdrasilAuthenticationService/]: Environment: Environment[sessionHost=https://sessionserver.mojang.com, servicesHost=https://api.minecraftservices.com, profilesHost=https://api.mojang.com, name=PROD]
[25Sep2026 03:51:39.461] [Worker-Main-2/ERROR] [net.minecraft.server.packs.resources.SimpleJsonResourceReloadListener/]: Couldn't parse data file 'travelersbackpack:hay' from 'travelersbackpack:loot_modifiers/hay.json': DataResult.Error['Item minecraft:beetroot does not have components yet; Item minecraft:potato does not have components yet; Item minecraft:carrot does not have components yet': Optional[com.tiviacz.travelersbackpack.loot.HayBackpackLootModifier@1fb77179]]
[25Sep2026 03:51:40.426] [main/INFO] [net.minecraft.world.item.crafting.RecipeManager/]: Loaded 2284 recipes
[25Sep2026 03:51:40.444] [main/INFO] [net.minecraft.advancements.AdvancementTree/]: Loaded 2583 advancements
[25Sep2026 03:51:40.457] [main/INFO] [net.neoforged.neoforge.common.crafting.RecipePriorityManager/]: Loaded 0 recipe priority overrides
[25Sep2026 03:51:40.462] [main/INFO] [ovh.corail.tombstone.entity.trade.TradeManager/]: Loaded 63 trades for Grave Guardian
[25Sep2026 03:51:40.462] [ForkJoinPool.commonPool-worker-2/INFO] [Dungeon Crawl/]: Loading data...
[25Sep2026 03:51:40.827] [ForkJoinPool.commonPool-worker-2/INFO] [Dungeon Crawl/]: Done.
[25Sep2026 03:51:41.039] [Server thread/INFO] [net.minecraft.server.dedicated.DedicatedServer/]: Starting minecraft server version 26.2
[25Sep2026 03:51:41.039] [Server thread/INFO] [net.minecraft.server.dedicated.DedicatedServer/]: Loading properties
[25Sep2026 03:51:41.039] [Server thread/INFO] [net.minecraft.server.dedicated.DedicatedServer/]: Default game type: SURVIVAL
[25Sep2026 03:51:41.039] [Server thread/INFO] [net.minecraft.server.MinecraftServer/]: Generating keypair
[25Sep2026 03:51:41.118] [Server thread/INFO] [net.minecraft.server.dedicated.DedicatedServer/]: Starting Minecraft server on *:25565
[25Sep2026 03:51:41.246] [Server thread/INFO] [journeymap/]: Loading JourneyMap Forge Configs
[25Sep2026 03:51:41.293] [Server thread/WARN] [net.neoforged.neoforge.server.ServerLifecycleHooks/]: Detected minecraft:ocelot that was registered with CREATURE mob category but was added under MONSTER mob category for biomesoplenty:rainforest biome! Mobs should be added to biomes under the same mob category that the mob was registered as to prevent mob cap spawning issues.
[25Sep2026 03:51:41.295] [Server thread/WARN] [net.neoforged.neoforge.server.ServerLifecycleHooks/]: Detected minecraft:ocelot that was registered with CREATURE mob category but was added under MONSTER mob category for biomesoplenty:rocky_rainforest biome! Mobs should be added to biomes under the same mob category that the mob was registered as to prevent mob cap spawning issues.
[25Sep2026 03:51:41.339] [Server thread/INFO] [terrablender/]: Initialized TerraBlender biomes for level stem minecraft:the_nether
[25Sep2026 03:51:41.818] [Server thread/INFO] [terrablender/]: Initialized TerraBlender biomes for level stem minecraft:overworld
[25Sep2026 03:51:41.820] [Server thread/INFO] [net.minecraft.server.dedicated.DedicatedServer/]: Preparing level "world"
[25Sep2026 03:51:42.877] [Server thread/INFO] [net.minecraft.server.level.progress.LoggingLevelLoadListener/]: Loading 0 persistent chunks...
[25Sep2026 03:51:42.878] [Server thread/INFO] [net.minecraft.server.level.progress.LoggingLevelLoadListener/]: Preparing spawn area: 100%
[25Sep2026 03:51:42.890] [Server thread/INFO] [net.minecraft.server.level.progress.LoggingLevelLoadListener/]: Time elapsed: 13 ms
[25Sep2026 03:51:42.892] [Server thread/INFO] [net.minecraft.server.dedicated.DedicatedServer/]: Done (1.648s)! For help, type "help"
[25Sep2026 03:51:42.898] [Server thread/INFO] [net.minecraft.server.MinecraftServer/]: Saving chunks for level 'ServerLevel[MUNDO DISLEXICO]'/minecraft:overworld
[25Sep2026 03:51:42.925] [Server thread/INFO] [net.minecraft.server.MinecraftServer/]: Saving chunks for level 'ServerLevel[MUNDO DISLEXICO]'/minecraft:the_nether
[25Sep2026 03:51:42.933] [Server thread/INFO] [net.minecraft.server.MinecraftServer/]: Saving chunks for level 'ServerLevel[MUNDO DISLEXICO]'/minecraft:the_end
[25Sep2026 03:51:42.955] [Server thread/INFO] [net.minecraft.server.MinecraftServer/]: ThreadedAnvilChunkStorage (world): All chunks are saved
[25Sep2026 03:51:42.958] [Server thread/INFO] [net.minecraft.server.MinecraftServer/]: ThreadedAnvilChunkStorage (DIM-1): All chunks are saved
[25Sep2026 03:51:42.958] [Server thread/INFO] [net.minecraft.server.MinecraftServer/]: ThreadedAnvilChunkStorage (DIM1): All chunks are saved
[25Sep2026 03:51:42.959] [Server thread/INFO] [net.minecraft.server.MinecraftServer/]: ThreadedAnvilChunkStorage: All dimensions are saved
[25Sep2026 03:51:43.029] [Server thread/INFO] [net.neoforged.neoforge.server.permission.PermissionAPI/]: Successfully initialized permission handler neoforge:default_handler
[25Sep2026 03:51:43.038] [Server thread/INFO] [journeymap/]: Loaded null for service interface journeymap.api.services.WebMapService
[25Sep2026 03:51:43.044] [Server thread/INFO] [journeymap/]: Loaded journeymap.common.helpers.NeoForgeClientHooks@3b261d8b for service interface journeymap.api.services.ClientPlatformService
[25Sep2026 03:51:43.046] [Server thread/INFO] [journeymap/]: Loaded journeymap.common.helpers.NeoForgeHooks@54dc757d for service interface journeymap.api.services.CommonPlatformService
[25Sep2026 03:51:43.062] [Server thread/INFO] [journeymap/]: Found @JourneyMapPlugin: journeymap.api.plugins.LoadedChunkOverlayPlugin
[25Sep2026 03:51:43.071] [Server thread/INFO] [journeymap/]: Initialized IJourneyMapPlugin as:journeymap.api.plugins.LoadedChunkOverlayPlugin: for:journeymap_chunk_overlay
[25Sep2026 03:52:16.188] [User Authenticator #1/INFO] [net.minecraft.server.network.ServerLoginPacketListenerImpl/]: UUID of player MirsWATF is b5193e04-289f-4676-8ef7-f3111c8cc1e6
[25Sep2026 03:52:18.652] [Server thread/INFO] [net.minecraft.server.players.PlayerList/]: MirsWATF[/127.119.112.13:43273] logged in with entity id 239 at (23.552245978448642, -29.0, 210.98340063630025)
[25Sep2026 03:52:18.758] [Server thread/INFO] [net.minecraft.server.MinecraftServer/]: MirsWATF joined the game
[25Sep2026 03:52:19.196] [Server thread/INFO] [journeymap/]: JourneyMap client version for MirsWATF: 6.0.8 (server version: 6.0.8)
[25Sep2026 03:52:32.591] [User Authenticator #2/INFO] [net.minecraft.server.network.ServerLoginPacketListenerImpl/]: UUID of player SURIPANTAC is 5e971e93-2c5e-427f-af28-67120005af40
[25Sep2026 03:52:33.127] [User Authenticator #3/INFO] [net.minecraft.server.network.ServerLoginPacketListenerImpl/]: UUID of player teemoelsamu is d1418274-fbb6-4a7d-be69-45904935106e
[25Sep2026 03:52:34.436] [Server thread/WARN] [net.minecraft.server.network.ServerGamePacketListenerImpl/]: MirsWATF moved too quickly! 8.279999981617657,2.2491870787446793,5.307090763157078
[25Sep2026 03:52:34.485] [Server thread/WARN] [net.minecraft.server.MinecraftServer/]: Can't keep up! Is the server overloaded? Running 3063ms or 61 ticks behind
[25Sep2026 03:52:34.616] [User Authenticator #4/INFO] [net.minecraft.server.network.ServerLoginPacketListenerImpl/]: UUID of player cqrazan is 710e3b65-b96c-4dc2-ba10-034c00fc9a40
[25Sep2026 03:52:36.397] [Server thread/INFO] [net.minecraft.server.players.PlayerList/]: SURIPANTAC[/127.142.34.247:59859] logged in with entity id 788 at (178.873438501921, 83.0, 282.56214737492803)
[25Sep2026 03:52:36.405] [Server thread/INFO] [net.minecraft.server.MinecraftServer/]: SURIPANTAC joined the game
[25Sep2026 03:52:36.464] [Server thread/INFO] [net.minecraft.server.players.PlayerList/]: cqrazan[/127.221.46.1:53793] logged in with entity id 790 at (210.41090319440215, 73.0, 203.99257539701918)
[25Sep2026 03:52:36.471] [Server thread/INFO] [net.minecraft.server.MinecraftServer/]: cqrazan joined the game
[25Sep2026 03:52:36.751] [Server thread/INFO] [journeymap/]: JourneyMap client version for cqrazan: 6.0.8 (server version: 6.0.8)
[25Sep2026 03:52:36.778] [Server thread/INFO] [journeymap/]: JourneyMap client version for SURIPANTAC: 6.0.8 (server version: 6.0.8)
[25Sep2026 03:52:36.992] [Server thread/INFO] [net.minecraft.server.players.PlayerList/]: teemoelsamu[/127.50.10.107:42441] logged in with entity id 882 at (223.48128602974467, 64.0, 121.14765702443495)
[25Sep2026 03:52:36.996] [Server thread/INFO] [net.minecraft.server.MinecraftServer/]: teemoelsamu joined the game
[25Sep2026 03:52:37.672] [Server thread/INFO] [journeymap/]: JourneyMap client version for teemoelsamu: 6.0.8 (server version: 6.0.8)
[25Sep2026 03:53:27.441] [Server thread/INFO] [net.minecraft.server.MinecraftServer/]: <MirsWATF> EL QUE NO DUERMA LE MANDO UN NEGRO QUE LO ENCIANDA A MONDA
[25Sep2026 03:53:32.353] [Server thread/WARN] [tombstone/]: The death event of the player MirsWATF was canceled by another mod
[25Sep2026 03:53:32.364] [Server thread/INFO] [tombstone/]: The player MirsWATF has successfully been saved
[25Sep2026 03:53:43.125] [Server thread/INFO] [net.minecraft.server.MinecraftServer/]: MirsWATF was slain by Zombie
[25Sep2026 03:53:43.133] [Server thread/INFO] [com.tiviacz.travelersbackpack.TravelersBackpack/]: Created new backpack backup file for MirsWATF with unique ID travelersbackpack.standard_25.09.2026-03.53.43.dat
[25Sep2026 03:53:43.134] [Server thread/INFO] [com.tiviacz.travelersbackpack.TravelersBackpack/]: Your backpack has been placed at X: 29 Y: -27 Z: 228
[25Sep2026 04:08:21.823] [Server thread/INFO] [net.minecraft.server.MinecraftServer/]: cqrazan has made the advancement [Knowledge of Death]
[25Sep2026 04:08:21.825] [Server thread/INFO] [net.minecraft.server.MinecraftServer/]: cqrazan has made the advancement [Ambush]
[25Sep2026 04:08:25.634] [Server thread/WARN] [tombstone/]: The death event of the player MirsWATF was canceled by another mod
[25Sep2026 04:08:25.640] [Server thread/INFO] [tombstone/]: The player MirsWATF has successfully been saved
[25Sep2026 04:08:26.523] [Server thread/INFO] [net.minecraft.server.MinecraftServer/]: teemoelsamu has made the advancement [Ambush]
[25Sep2026 04:08:26.524] [Server thread/INFO] [net.minecraft.server.MinecraftServer/]: teemoelsamu has made the advancement [Voluntary Exile]
[25Sep2026 04:08:36.322] [Server thread/INFO] [net.minecraft.server.MinecraftServer/]: MirsWATF was slain by Spider
[25Sep2026 04:08:36.328] [Server thread/INFO] [com.tiviacz.travelersbackpack.TravelersBackpack/]: Created new backpack backup file for MirsWATF with unique ID travelersbackpack.standard_25.09.2026-04.08.36.dat
[25Sep2026 04:08:36.328] [Server thread/INFO] [com.tiviacz.travelersbackpack.TravelersBackpack/]: Your backpack has been placed at X: 81 Y: -16 Z: 215
[25Sep2026 04:15:34.838] [Server thread/WARN] [tombstone/]: The death event of the player MirsWATF was canceled by another mod
[25Sep2026 04:15:34.841] [Server thread/INFO] [tombstone/]: The player MirsWATF has successfully been saved
[25Sep2026 04:15:46.223] [Server thread/INFO] [net.minecraft.server.MinecraftServer/]: MirsWATF was shot by Skeleton
[25Sep2026 04:15:46.226] [Server thread/INFO] [com.tiviacz.travelersbackpack.TravelersBackpack/]: Created new backpack backup file for MirsWATF with unique ID travelersbackpack.standard_25.09.2026-04.15.46.dat
[25Sep2026 04:15:46.226] [Server thread/INFO] [com.tiviacz.travelersbackpack.TravelersBackpack/]: Your backpack has been placed at X: 77 Y: -17 Z: 212
[25Sep2026 04:16:36.546] [Server thread/INFO] [net.minecraft.server.MinecraftServer/]: MirsWATF has reached the goal [Discreet Search]
[25Sep2026 04:16:47.383] [Server thread/WARN] [tombstone/]: The death event of the player teemoelsamu was canceled by another mod
[25Sep2026 04:16:47.385] [Server thread/INFO] [tombstone/]: The player teemoelsamu has successfully been saved
[25Sep2026 04:17:47.333] [Server thread/INFO] [net.minecraft.server.MinecraftServer/]: teemoelsamu has completed the challenge [Almost Unkillable]
[25Sep2026 04:17:47.334] [Server thread/INFO] [net.minecraft.server.MinecraftServer/]: teemoelsamu was shot by Skeleton
[25Sep2026 04:17:47.339] [Server thread/INFO] [com.tiviacz.travelersbackpack.TravelersBackpack/]: Created new backpack backup file for teemoelsamu with unique ID travelersbackpack.standard_25.09.2026-04.17.47.dat
[25Sep2026 04:17:47.339] [Server thread/INFO] [com.tiviacz.travelersbackpack.TravelersBackpack/]: Your backpack has been placed at X: 188 Y: 63 Z: 147
[25Sep2026 04:20:51.193] [User Authenticator #5/INFO] [net.minecraft.server.network.ServerLoginPacketListenerImpl/]: UUID of player Bokuakatsuki is b5a2ac5e-69ff-4333-a540-9f46c95f6e98
[25Sep2026 04:20:54.346] [Server thread/INFO] [net.minecraft.server.players.PlayerList/]: Bokuakatsuki[/127.50.10.107:35681] logged in with entity id 14679 at (199.24507301054248, 63.0, 483.69999998807907)
[25Sep2026 04:20:54.350] [Server thread/INFO] [net.minecraft.server.MinecraftServer/]: Bokuakatsuki joined the game
[25Sep2026 04:20:56.323] [Server thread/INFO] [journeymap/]: JourneyMap client version for Bokuakatsuki: 6.0.8 (server version: 6.0.8)
[25Sep2026 04:29:36.244] [Server thread/WARN] [net.minecraft.server.network.ServerGamePacketListenerImpl/]: MirsWATF moved too quickly! 9.848003733108612,-0.2712241076924897,2.7458523189711457
[25Sep2026 04:29:36.343] [Server thread/WARN] [net.minecraft.server.network.ServerGamePacketListenerImpl/]: Bokuakatsuki moved too quickly! 3.2902755760754303,2.964159374955443,-9.051174018508846
[25Sep2026 04:29:36.428] [Server thread/WARN] [net.minecraft.server.network.ServerGamePacketListenerImpl/]: cqrazan moved too quickly! 5.694796883787063,-3.203264399331289,-7.632451485981875
[25Sep2026 04:30:05.735] [Server thread/INFO] [net.minecraft.server.MinecraftServer/]: <MirsWATF> zzzzzzzzzzzzzzzzzzz
[25Sep2026 04:32:03.439] [Server thread/INFO] [net.minecraft.server.MinecraftServer/]: <SURIPANTAC> ZzzZzZZZZZzzZzzzzz
[25Sep2026 04:32:06.198] [Server thread/INFO] [net.minecraft.server.MinecraftServer/]: <Bokuakatsuki> zzzzzz
[25Sep2026 04:32:07.414] [Server thread/INFO] [net.minecraft.server.MinecraftServer/]: <Bokuakatsuki> ez
[25Sep2026 04:32:07.710] [Server thread/INFO] [net.minecraft.server.MinecraftServer/]: <cqrazan> zzzzzzzzzzzzzzzzzzzzzzz
[25Sep2026 04:32:13.117] [Server thread/INFO] [net.minecraft.server.MinecraftServer/]: <Bokuakatsuki> ez diff jg
[25Sep2026 04:44:17.685] [Server thread/INFO] [net.minecraft.server.MinecraftServer/]: <cqrazan> zzzzzzzzzzzzz
[25Sep2026 04:44:19.885] [Server thread/INFO] [net.minecraft.server.MinecraftServer/]: <cqrazan> zzzzzzzzzzzzzz
[25Sep2026 04:44:20.942] [Server thread/INFO] [net.minecraft.server.MinecraftServer/]: <Bokuakatsuki> zzzzzzzzz
